\BOOKMARK [1][-]{section.1}{\376\377\301\034\270\140}{}% 1
\BOOKMARK [2][-]{subsection.1.1}{\376\377\305\360\255\154\000\040\274\060\254\275}{section.1}% 2
\BOOKMARK [2][-]{subsection.1.2}{\376\377\256\060\310\164\000\040\273\070\310\034\310\020}{section.1}% 3
\BOOKMARK [2][-]{subsection.1.3}{\376\377\305\360\255\154\000\040\272\251\324\134}{section.1}% 4
\BOOKMARK [2][-]{subsection.1.4}{\376\377\254\374\310\034\000\040\315\224\311\304\000\040\254\275\254\374\306\100\000\040\274\364\254\340\301\034\000\040\255\154\301\061}{section.1}% 5
\BOOKMARK [1][-]{section.2}{\376\377\305\360\255\154\000\040\274\060\254\275}{}% 6
\BOOKMARK [2][-]{subsection.2.1}{\376\377\0003\000D\000\040\000G\000a\000u\000s\000s\000i\000a\000n\000\040\000S\000p\000l\000a\000t\000t\000i\000n\000g\254\374\000\040\324\134\272\164\000\040\274\365\306\320}{section.2}% 7
\BOOKMARK [2][-]{subsection.2.2}{\376\377\255\021\301\040\000\040\315\224\310\001\000\040\256\060\274\030\000\040\310\004\323\014\000\040\302\334\273\254\270\010\307\164\301\130}{section.2}% 8
\BOOKMARK [2][-]{subsection.2.3}{\376\377\316\041\310\025\000\040\256\060\274\030\000\040\000R\000S\000S\000I\000\040\315\224\310\025\254\374\000\040\302\340\254\275\000\040\000R\000F\000\040\272\250\263\170\271\301}{section.2}% 9
\BOOKMARK [2][-]{subsection.2.4}{\376\377\0003\314\050\306\320\000\040\000R\000F\000\040\302\334\254\001\326\124\306\100\000\040\326\004\307\245\000\040\307\170\321\060\323\230\307\164\302\244}{section.2}% 10
\BOOKMARK [1][-]{section.3}{\376\377\306\224\255\154\310\160\254\164\000\040\274\017\000\040\301\044\254\304\000\040\274\300\254\275\000\040\260\264\305\355}{}% 11
\BOOKMARK [2][-]{subsection.3.1}{\376\377\314\051\302\030\000,\000\040\311\021\254\004\000,\000\040\315\134\310\205\000\040\262\350\254\304\307\130\000\040\306\224\255\154\310\160\254\164\000\040\274\300\254\275}{section.3}% 12
\BOOKMARK [2][-]{subsection.3.2}{\376\377\326\004\302\344\310\001\000\040\310\034\305\175\254\374\000\040\263\000\307\121\000\040\254\260\254\374}{section.3}% 13
\BOOKMARK [1][-]{section.4}{\376\377\305\360\255\154\000\040\260\264\306\251}{}% 14
\BOOKMARK [2][-]{subsection.4.1}{\376\377\273\070\310\034\000\040\310\025\307\130}{section.4}% 15
\BOOKMARK [2][-]{subsection.4.2}{\376\377\310\004\314\264\000\040\323\014\307\164\325\004\267\174\307\170}{section.4}% 16
\BOOKMARK [2][-]{subsection.4.3}{\376\377\000P\000G\000S\000R\000\040\307\245\272\164\254\374\000\040\325\004\270\135\302\334\000\040\307\245\272\164\000\040\300\335\301\061}{section.4}% 17
\BOOKMARK [2][-]{subsection.4.4}{\376\377\000S\000i\000o\000n\000n\000a\000\040\000R\000T\000\040\310\004\323\014\000\040\254\304\300\260}{section.4}% 18
\BOOKMARK [2][-]{subsection.4.5}{\376\377\000R\000S\000S\000I\000\040\254\304\316\041\000\040\254\275\270\134}{section.4}% 19
\BOOKMARK [3][-]{subsubsection.4.5.1}{\376\377\307\245\316\130\000\040\255\154\301\061\254\374\000\040\263\160\307\164\321\060\000\040\302\030\311\321\000\040\254\275\270\134}{subsection.4.5}% 20
\BOOKMARK [3][-]{subsubsection.4.5.2}{\376\377\000R\000S\000S\000I\000\040\315\350\264\335\254\374\000\040\323\050\320\267\000\040\254\200\300\254}{subsection.4.5}% 21
\BOOKMARK [3][-]{subsubsection.4.5.3}{\376\377\307\245\316\130\000\040\323\270\314\050\000\040\274\364\310\025\254\374\000\040\302\334\254\004\000\040\256\060\311\000}{subsection.4.5}% 22
\BOOKMARK [2][-]{subsection.4.6}{\376\377\274\061\305\324\264\334\000\040\302\030\311\321\000\040\274\017\000\040\310\000\307\245\000,\000\040\302\344\302\334\254\004\000\040\311\021\254\304}{section.4}% 23
\BOOKMARK [3][-]{subsubsection.4.6.1}{\376\377\311\021\305\131\000\040\302\030\311\321\254\374\000\040\263\160\307\164\321\060\000\040\254\200\311\235}{subsection.4.6}% 24
\BOOKMARK [3][-]{subsubsection.4.6.2}{\376\377\310\000\307\245\254\374\000\040\302\344\325\330\000\040\255\000\271\254}{subsection.4.6}% 25
\BOOKMARK [3][-]{subsubsection.4.6.3}{\376\377\324\210\311\310\000\040\254\200\300\254\306\100\000\040\260\264\274\364\260\264\256\060}{subsection.4.6}% 26
\BOOKMARK [3][-]{subsubsection.4.6.4}{\376\377\302\344\302\334\254\004\000\040\310\034\305\264\306\100\000\040\306\001\300\301\000\040\311\021\254\304}{subsection.4.6}% 27
\BOOKMARK [2][-]{subsection.4.7}{\376\377\302\344\316\041\254\022\254\374\000\040\302\334\273\254\270\010\307\164\301\130\307\130\000\040\254\260\325\151}{section.4}% 28
\BOOKMARK [2][-]{subsection.4.8}{\376\377\0003\314\050\306\320\000\040\000R\000F\000\040\274\374\271\150\254\374\000\040\302\334\254\001\326\124}{section.4}% 29
\BOOKMARK [2][-]{subsection.4.9}{\376\377\325\170\264\334\325\354\264\334\000\040\307\170\321\060\323\230\307\164\302\244\306\100\000\040\306\001\300\301\000\040\310\004\301\241}{section.4}% 30
\BOOKMARK [3][-]{subsubsection.4.9.1}{\376\377\262\350\271\320\000\040\325\130\264\334\306\350\305\264\306\100\000\040\305\355\325\140\000\040\275\204\262\364}{subsection.4.9}% 31
\BOOKMARK [3][-]{subsubsection.4.9.2}{\376\377\306\001\300\301\000\040\325\004\270\010\307\204\000\040\302\030\302\340\254\374\000\040\000J\000P\000E\000G\000\040\314\230\271\254}{subsection.4.9}% 32
\BOOKMARK [3][-]{subsubsection.4.9.3}{\376\377\325\004\270\010\307\204\000\040\274\204\323\174\306\100\000\040\000L\000C\000D\000\040\000D\000M\000A\000\040\315\234\270\045}{subsection.4.9}% 33
\BOOKMARK [3][-]{subsubsection.4.9.4}{\376\377\000I\000M\000U\000\040\307\220\301\070\306\100\000\040\274\204\322\274\000\040\300\301\320\334\000\040\310\004\262\354}{subsection.4.9}% 34
\BOOKMARK [1][-]{section.5}{\376\377\302\344\325\330\000\040\274\017\000\040\254\260\254\374}{}% 35
\BOOKMARK [2][-]{subsection.5.1}{\376\377\311\021\254\004\000\040\262\350\254\304\000\040\323\014\307\174\267\377\000\040\254\200\311\235}{section.5}% 36
\BOOKMARK [3][-]{subsubsection.5.1.1}{\376\377\254\025\307\130\302\344\000\040\307\245\272\164\254\374\000\040\310\004\323\014\000\040\254\304\300\260\000\040\305\360\254\260}{subsection.5.1}% 37
\BOOKMARK [3][-]{subsubsection.5.1.2}{\376\377\302\030\311\321\000\040\254\275\270\134\306\100\000\040\274\061\305\324\264\334\000\040\275\200\325\130}{subsection.5.1}% 38
\BOOKMARK [2][-]{subsection.5.2}{\376\377\302\344\325\330\000\040\301\044\254\304}{section.5}% 39
\BOOKMARK [2][-]{subsection.5.3}{\376\377\323\311\254\000\000\040\311\300\324\134}{section.5}% 40
\BOOKMARK [2][-]{subsection.5.4}{\376\377\274\051\274\225\274\304\000\040\306\010\316\041\000\040\310\025\326\125\263\304}{section.5}% 41
\BOOKMARK [2][-]{subsection.5.5}{\376\377\254\365\254\004\310\001\000\040\306\010\316\041\000\040\323\270\325\245\000\040\275\204\301\035}{section.5}% 42
\BOOKMARK [2][-]{subsection.5.6}{\376\377\302\334\302\244\321\134\000\040\256\060\262\245\000\040\254\200\311\235}{section.5}% 43
\BOOKMARK [2][-]{subsection.5.7}{\376\377\254\304\316\041\000\040\263\160\307\164\321\060\000\040\324\210\311\310\254\374\000\040\305\360\301\215\000\040\306\264\306\251}{section.5}% 44
\BOOKMARK [1][-]{section.6}{\376\377\300\260\325\131\326\021\270\045\000\040\272\130\321\240\000\040\307\130\254\254\000\040\274\030\306\001}{}% 45
\BOOKMARK [1][-]{section.7}{\376\377\254\260\270\140\000\040\274\017\000\040\325\245\326\304\000\040\305\360\255\154\000\040\274\051\325\245}{}% 46
\BOOKMARK [2][-]{subsection.7.1}{\376\377\305\360\255\154\000\040\254\260\254\374\000\040\306\224\305\175}{section.7}% 47
\BOOKMARK [2][-]{subsection.7.2}{\376\377\325\134\254\304\000\040\274\017\000\040\325\245\326\304\000\040\305\360\255\154}{section.7}% 48
\BOOKMARK [1][-]{section.8}{\376\377\255\154\301\061\306\320\274\304\000\040\305\355\325\140\000\040\274\017\000\040\254\034\274\034\000\040\307\174\310\025}{}% 49
\BOOKMARK [2][-]{subsection.8.1}{\376\377\255\154\301\061\306\320\274\304\000\040\305\355\325\140}{section.8}% 50
\BOOKMARK [2][-]{subsection.8.2}{\376\377\254\304\326\215\000\040\263\000\276\104\000\040\315\224\311\304\000\040\302\344\310\001}{section.8}% 51
\BOOKMARK [2][-]{subsection.8.3}{\376\377\306\324\274\304\000\040\315\224\311\304\000\040\320\300\307\204\267\174\307\170}{section.8}% 52
\BOOKMARK [1][-]{section.9}{\376\377\314\070\254\340\000\040\273\070\325\314}{}% 53
